PACEcoding short log (AoC 2022 Day 7 part 2) "No Space Left On Device"

CODE:
import sys
from dataclasses import dataclass, field
from typing import Dict, List, Optional


@dataclass
class DirNode:
    name: str
    parent: Optional["DirNode"] = None
    children_dirs: Dict[str, "DirNode"] = field(default_factory=dict)
    direct_files_sum: int = 0
    total_size: int = 0


def solve(lines: List[str]) -> int:
    root = DirNode(name="/", parent=None)
    current = root

    def get_or_create_child(parent: DirNode, child_name: str) -> DirNode:
        if child_name not in parent.children_dirs:
            parent.children_dirs[child_name] = DirNode(name=child_name, parent=parent)
        return parent.children_dirs[child_name]

    i = 0
    n = len(lines)
    while i < n:
        line = lines[i].strip()
        if not line:
            i += 1
            continue

        if line.startswith("$ cd "):
            arg = line[5:].strip()
            if arg == "/":
                current = root
            elif arg == "..":
                if current.parent is not None:
                    current = current.parent
            else:
                current = get_or_create_child(current, arg)
            i += 1
        elif line.startswith("$ ls"):
            i += 1
            while i < n and not lines[i].lstrip().startswith("$"):
                out = lines[i].strip()
                if out:
                    if out.startswith("dir "):
                        name = out[4:].strip()
                        get_or_create_child(current, name)
                    else:
                        size_str, _fname = out.split(maxsplit=1)
                        current.direct_files_sum += int(size_str)
                i += 1
        else:
            # Unexpected line; skip gracefully
            i += 1

    # Post-order DFS to compute total sizes and collect all nodes
    all_nodes: List[DirNode] = []
    stack = [(root, 0)]  # (node, state) state 0=enter, 1=exit
    while stack:
        node, state = stack.pop()
        if state == 0:
            stack.append((node, 1))
            for child in node.children_dirs.values():
                stack.append((child, 0))
        else:
            total = node.direct_files_sum
            for child in node.children_dirs.values():
                total += child.total_size
            node.total_size = total
            all_nodes.append(node)

    disk_total = 70_000_000
    required_free = 30_000_000
    used = root.total_size
    current_free = disk_total - used
    need_to_free = required_free - current_free

    # Find smallest directory that frees enough space
    best = None
    for node in all_nodes:
        if node.total_size >= need_to_free:
            if best is None or node.total_size < best:
                best = node.total_size

    # If need_to_free <= 0, best will be the smallest directory total size (including root)
    # In valid inputs, best should always be found.
    return best if best is not None else 0


def main():
    lines = sys.stdin.read().splitlines()
    ans = solve(lines)
    sys.stdout.write(str(ans) + "\n")


if __name__ == "__main__":
    main()

DEBUGGING INVOKED: 0

PLANNING VERIFICATION SUMMARY (4 plan evaluations; conf 92/84/73/66):
- Plan 1 (explicit tree + postorder DFS) ranked best overall.
- Reason: direct mapping to problem definition; subtree totals via DFS are precise.
- Plan 1 considered robust to typical AoC inputs and clear in mechanics.
- Plan 2 (path dict + recursive aggregation) deemed correct but less explicit about repeated ls.
- Plan 2 flagged for recursion-depth assumptions.
- Plan 3 (ancestor accumulation) correct but higher worst-case cost (O(files * depth)).
- Plan 3 still acceptable for AoC depth but less efficient than DFS.
- Plan 4 (depth-sorted propagation) identified as riskier for correctness.
- Plan 4 concerns: directory key completeness and repeated ls double-counting.
- All evaluations agreed the Part 2 threshold and minimum-selection logic is correct.
- All evaluations agreed cd handling and directory creation are core requirements.
- The selected plan uses an explicit tree and postorder aggregation.

RETRIEVAL SUMMARY (tree parsing tutorial + techniques):
- Retrieved a detailed tree-parsing tutorial with postorder DFS aggregation.
- Parsing model: cd updates current directory; ls output adds files or child dirs.
- Strategy: store direct file sums per directory, then compute totals bottom-up.
- Emphasized subtree sum invariant and postorder correctness.
- Highlighted selection step: compute required free space, then min qualifying dir.
- Complexity notes: parsing O(lines), DFS O(dirs), scan O(dirs).
- Mentioned path stack or parent pointers for navigation.
- Explained that files need not be stored individually, only summed.
